<title>Vdbench output/config.html</title><pre>
Output from script /home/adarsh/Coursework/5/CS344/Assignment4/vdbench/linux/config.sh: 

stderr: /home/adarsh/Coursework/5/CS344/Assignment4/vdbench/linux/config.sh: line 17: ifconfig: command not found
Tuesday 29 October 2024 06:27:39 PM IST
>>>>>uname -a
Linux adarsh 6.8.0-40-generic #40~22.04.3-Ubuntu SMP PREEMPT_DYNAMIC Tue Jul 30 17:30:19 UTC 2 x86_64 x86_64 x86_64 GNU/Linux
Tuesday 29 October 2024 06:27:39 PM IST
>>>>>ifconfig -a
Tuesday 29 October 2024 06:27:39 PM IST
>>>>>id
uid=0(root) gid=0(root) groups=0(root)
Tuesday 29 October 2024 06:27:39 PM IST
>>>>>mount
sysfs on /sys type sysfs (rw,nosuid,nodev,noexec,relatime)
proc on /proc type proc (rw,nosuid,nodev,noexec,relatime)
udev on /dev type devtmpfs (rw,nosuid,relatime,size=3973684k,nr_inodes=993421,mode=755,inode64)
devpts on /dev/pts type devpts (rw,nosuid,noexec,relatime,gid=5,mode=620,ptmxmode=000)
tmpfs on /run type tmpfs (rw,nosuid,nodev,noexec,relatime,size=802516k,mode=755,inode64)
/dev/sda2 on / type ext4 (rw,relatime,errors=remount-ro)
securityfs on /sys/kernel/security type securityfs (rw,nosuid,nodev,noexec,relatime)
tmpfs on /dev/shm type tmpfs (rw,nosuid,nodev,inode64)
tmpfs on /run/lock type tmpfs (rw,nosuid,nodev,noexec,relatime,size=5120k,inode64)
cgroup2 on /sys/fs/cgroup type cgroup2 (rw,nosuid,nodev,noexec,relatime,nsdelegate,memory_recursiveprot)
pstore on /sys/fs/pstore type pstore (rw,nosuid,nodev,noexec,relatime)
efivarfs on /sys/firmware/efi/efivars type efivarfs (rw,nosuid,nodev,noexec,relatime)
bpf on /sys/fs/bpf type bpf (rw,nosuid,nodev,noexec,relatime,mode=700)
systemd-1 on /proc/sys/fs/binfmt_misc type autofs (rw,relatime,fd=29,pgrp=1,timeout=0,minproto=5,maxproto=5,direct,pipe_ino=1607)
mqueue on /dev/mqueue type mqueue (rw,nosuid,nodev,noexec,relatime)
tracefs on /sys/kernel/tracing type tracefs (rw,nosuid,nodev,noexec,relatime)
debugfs on /sys/kernel/debug type debugfs (rw,nosuid,nodev,noexec,relatime)
hugetlbfs on /dev/hugepages type hugetlbfs (rw,relatime,pagesize=2M)
fusectl on /sys/fs/fuse/connections type fusectl (rw,nosuid,nodev,noexec,relatime)
configfs on /sys/kernel/config type configfs (rw,nosuid,nodev,noexec,relatime)
ramfs on /run/credentials/systemd-sysusers.service type ramfs (ro,nosuid,nodev,noexec,relatime,mode=700)
tmpfs on /run/qemu type tmpfs (rw,nosuid,nodev,relatime,mode=755,inode64)
/dev/sda1 on /boot/efi type vfat (rw,relatime,fmask=0077,dmask=0077,codepage=437,iocharset=iso8859-1,shortname=mixed,errors=remount-ro)
/var/lib/snapd/snaps/bare_5.snap on /snap/bare/5 type squashfs (ro,nodev,relatime,errors=continue,threads=single,x-gdu.hide)
/var/lib/snapd/snaps/core22_1621.snap on /snap/core22/1621 type squashfs (ro,nodev,relatime,errors=continue,threads=single,x-gdu.hide)
/var/lib/snapd/snaps/core20_2379.snap on /snap/core20/2379 type squashfs (ro,nodev,relatime,errors=continue,threads=single,x-gdu.hide)
/var/lib/snapd/snaps/core20_2434.snap on /snap/core20/2434 type squashfs (ro,nodev,relatime,errors=continue,threads=single,x-gdu.hide)
/var/lib/snapd/snaps/core22_1663.snap on /snap/core22/1663 type squashfs (ro,nodev,relatime,errors=continue,threads=single,x-gdu.hide)
/var/lib/snapd/snaps/firefox_4848.snap on /snap/firefox/4848 type squashfs (ro,nodev,relatime,errors=continue,threads=single,x-gdu.hide)
/var/lib/snapd/snaps/curl_1754.snap on /snap/curl/1754 type squashfs (ro,nodev,relatime,errors=continue,threads=single,x-gdu.hide)
/var/lib/snapd/snaps/gnome-42-2204_141.snap on /snap/gnome-42-2204/141 type squashfs (ro,nodev,relatime,errors=continue,threads=single,x-gdu.hide)
/var/lib/snapd/snaps/gnome-42-2204_176.snap on /snap/gnome-42-2204/176 type squashfs (ro,nodev,relatime,errors=continue,threads=single,x-gdu.hide)
/var/lib/snapd/snaps/snap-store_1113.snap on /snap/snap-store/1113 type squashfs (ro,nodev,relatime,errors=continue,threads=single,x-gdu.hide)
/var/lib/snapd/snaps/snapd_21759.snap on /snap/snapd/21759 type squashfs (ro,nodev,relatime,errors=continue,threads=single,x-gdu.hide)
/var/lib/snapd/snaps/firefox_4793.snap on /snap/firefox/4793 type squashfs (ro,nodev,relatime,errors=continue,threads=single,x-gdu.hide)
/var/lib/snapd/snaps/mysql-workbench-community_12.snap on /snap/mysql-workbench-community/12 type squashfs (ro,nodev,relatime,errors=continue,threads=single,x-gdu.hide)
/var/lib/snapd/snaps/snapd_21184.snap on /snap/snapd/21184 type squashfs (ro,nodev,relatime,errors=continue,threads=single,x-gdu.hide)
/var/lib/snapd/snaps/snap-store_959.snap on /snap/snap-store/959 type squashfs (ro,nodev,relatime,errors=continue,threads=single,x-gdu.hide)
/var/lib/snapd/snaps/gnome-3-38-2004_119.snap on /snap/gnome-3-38-2004/119 type squashfs (ro,nodev,relatime,errors=continue,threads=single,x-gdu.hide)
/var/lib/snapd/snaps/gtk-common-themes_1535.snap on /snap/gtk-common-themes/1535 type squashfs (ro,nodev,relatime,errors=continue,threads=single,x-gdu.hide)
/var/lib/snapd/snaps/mysql-workbench-community_13.snap on /snap/mysql-workbench-community/13 type squashfs (ro,nodev,relatime,errors=continue,threads=single,x-gdu.hide)
/var/lib/snapd/snaps/gnome-3-38-2004_143.snap on /snap/gnome-3-38-2004/143 type squashfs (ro,nodev,relatime,errors=continue,threads=single,x-gdu.hide)
/var/lib/snapd/snaps/snapd-desktop-integration_157.snap on /snap/snapd-desktop-integration/157 type squashfs (ro,nodev,relatime,errors=continue,threads=single,x-gdu.hide)
/var/lib/snapd/snaps/snapd-desktop-integration_178.snap on /snap/snapd-desktop-integration/178 type squashfs (ro,nodev,relatime,errors=continue,threads=single,x-gdu.hide)
/dev/sda2 on /var/snap/firefox/common/host-hunspell type ext4 (ro,noexec,noatime,errors=remount-ro)
binfmt_misc on /proc/sys/fs/binfmt_misc type binfmt_misc (rw,nosuid,nodev,noexec,relatime)
tmpfs on /run/user/1000 type tmpfs (rw,nosuid,nodev,relatime,size=802512k,nr_inodes=200628,mode=700,uid=1000,gid=1000,inode64)
portal on /run/user/1000/doc type fuse.portal (rw,nosuid,nodev,relatime,user_id=1000,group_id=1000)
tmpfs on /run/snapd/ns type tmpfs (rw,nosuid,nodev,noexec,relatime,size=802516k,mode=755,inode64)
nsfs on /run/snapd/ns/snapd-desktop-integration.mnt type nsfs (rw)
gvfsd-fuse on /run/user/1000/gvfs type fuse.gvfsd-fuse (rw,nosuid,nodev,relatime,user_id=1000,group_id=1000)
nsfs on /run/snapd/ns/snap-store.mnt type nsfs (rw)
jetbrains-toolbox on /tmp/.mount_jetbramjvw1w type fuse.jetbrains-toolbox (ro,nosuid,nodev,relatime,user_id=1000,group_id=1000)
nsfs on /run/snapd/ns/firefox.mnt type nsfs (rw)
zfs_pool_tests on /zfs_pool_tests type zfs (rw,xattr,noacl,casesensitive)
/dev/loop21 on /media/adarsh/test_ext4 type ext4 (rw,nosuid,nodev,relatime,errors=remount-ro,uhelper=udisks2)
Tuesday 29 October 2024 06:27:39 PM IST
>>>>>memory
MemTotal:        8025156 kB
MemFree:          307992 kB
MemAvailable:    2832660 kB
Buffers:           22064 kB
Cached:          3565456 kB
SwapCached:        64128 kB
Active:          4007328 kB
Inactive:        2988140 kB
Active(anon):    2597312 kB
Inactive(anon):  1734176 kB
Active(file):    1410016 kB
Inactive(file):  1253964 kB
Unevictable:      192276 kB
Mlocked:              48 kB
SwapTotal:       2097148 kB
SwapFree:        1809260 kB
Zswap:                 0 kB
Zswapped:              0 kB
Dirty:               396 kB
Writeback:             0 kB
AnonPages:       3536460 kB
Mapped:           740312 kB
Shmem:            923528 kB
KReclaimable:     160736 kB
Slab:             341672 kB
SReclaimable:     160736 kB
SUnreclaim:       180936 kB
KernelStack:       21932 kB
PageTables:        54824 kB
SecPageTables:         0 kB
NFS_Unstable:          0 kB
Bounce:                0 kB
WritebackTmp:          0 kB
CommitLimit:     6109724 kB
Committed_AS:   11402184 kB
VmallocTotal:   34359738367 kB
VmallocUsed:       78356 kB
VmallocChunk:          0 kB
Percpu:             3904 kB
HardwareCorrupted:     0 kB
AnonHugePages:         0 kB
ShmemHugePages:   512000 kB
ShmemPmdMapped:        0 kB
FileHugePages:         0 kB
FilePmdMapped:         0 kB
Unaccepted:            0 kB
HugePages_Total:       0
HugePages_Free:        0
HugePages_Rsvd:        0
HugePages_Surp:        0
Hugepagesize:       2048 kB
Hugetlb:               0 kB
DirectMap4k:      165812 kB
DirectMap2M:     3921920 kB
DirectMap1G:     4194304 kB
               total        used        free      shared  buff/cache   available
Mem:         8025156     3968892      307992      923528     3748272     2832672
Low:         8025156     7717164      307992
High:              0           0           0
Swap:        2097148      287888     1809260
Tuesday 29 October 2024 06:27:39 PM IST
>>>>>ps -ef | grep -i vdb
root        7544    2505  0 18:27 pts/0    00:00:00 sudo ./vdbench/vdbench -f ./Workloads/work2_zfs anchor=/zfs_pool_tests
root        7545    7544  0 18:27 pts/3    00:00:00 sudo ./vdbench/vdbench -f ./Workloads/work2_zfs anchor=/zfs_pool_tests
root        7546    7545  0 18:27 pts/3    00:00:00 /bin/bash ./vdbench/vdbench -f ./Workloads/work2_zfs anchor=/zfs_pool_tests
root        7548    7546 59 18:27 pts/3    00:00:00 java -client -Xmx512m -Xms64m -cp ./vdbench/:./vdbench/classes:./vdbench/vdbench.jar Vdb.Vdbmain -f ./Workloads/work2_zfs anchor=/zfs_pool_tests
root        7584    7548  0 18:27 pts/3    00:00:00 /bin/bash /home/adarsh/Coursework/5/CS344/Assignment4/vdbench/vdbench SlaveJvm -m localhost -n localhost-10-241029-18.27.38.476 -l localhost-0 -p 5570
root        7588    7584 36 18:27 pts/3    00:00:00 java -client -Xmx1024m -Xms128m -cp /home/adarsh/Coursework/5/CS344/Assignment4/vdbench/:/home/adarsh/Coursework/5/CS344/Assignment4/vdbench/classes:/home/adarsh/Coursework/5/CS344/Assignment4/vdbench/vdbench.jar Vdb.SlaveJvm SlaveJvm -m localhost -n localhost-10-241029-18.27.38.476 -l localhost-0 -p 5570
root        7630    7548  0 18:27 pts/3    00:00:00 /bin/bash /home/adarsh/Coursework/5/CS344/Assignment4/vdbench/linux/config.sh -o /home/adarsh/Coursework/5/CS344/Assignment4/output localhost
root        7647    7630  0 18:27 pts/3    00:00:00 grep -i vdb

